// Jest Snapshot v1, https://goo.gl/fbAQLP

exports[`use embed composable tests getEmbedScriptSrc should return the src attribute of script tag in embed code 1`] = `
<div><textarea></textarea>
  <div id="embed-preview">
    <blockquote class="twitter-tweet"></blockquote>
    <script async="" src="https://platform.twitter.com/widgets.js" charset="utf-8"></script>
  </div>
</div>
`;
