// Jest Snapshot v1, https://goo.gl/fbAQLP

exports[`useList should delete first list value when method 1`] = `
<div>
  <p>list: [3]</p> <button id="sort">Sort List</button> <button id="set">Set list</button> <button id="max">Max list</button> <button>Unique List</button> <button>Reverse List</button> <button>Flatten List</button> <button id="map">Map List</button> <button id="deleteFirst">Delete First</button> <button id="deleteLast">Delete Last</button> <button id="first">First</button> <button id="last">Last</button> <button id="filter">Greater than or equal to 4</button> <button id="push">Push</button> <button id="reset">Reset</button>
</div>
`;

exports[`useList should delete last list value when method 1`] = `
<div>
  <p>list: [1]</p> <button id="sort">Sort List</button> <button id="set">Set list</button> <button id="max">Max list</button> <button>Unique List</button> <button>Reverse List</button> <button>Flatten List</button> <button id="map">Map List</button> <button id="deleteFirst">Delete First</button> <button id="deleteLast">Delete Last</button> <button id="first">First</button> <button id="last">Last</button> <button id="filter">Greater than or equal to 4</button> <button id="push">Push</button> <button id="reset">Reset</button>
</div>
`;

exports[`useList should filter value when method 1`] = `
<div>
  <p>list: [4,5,6,7,8,9,10,11,12,13,14,15,16,17,18,19,20]</p> <button id="sort">Sort List</button> <button id="set">Set list</button> <button id="max">Max list</button> <button>Unique List</button> <button>Reverse List</button> <button>Flatten List</button> <button id="map">Map List</button> <button id="deleteFirst">Delete First</button> <button id="deleteLast">Delete Last</button> <button id="first">First</button> <button id="last">Last</button> <button id="filter">Greater than or equal to 4</button> <button id="push">Push</button> <button id="reset">Reset</button>
</div>
`;

exports[`useList should last first value when method 1`] = `
<div>
  <p>list: 1</p> <button id="sort">Sort List</button> <button id="set">Set list</button> <button id="max">Max list</button> <button>Unique List</button> <button>Reverse List</button> <button>Flatten List</button> <button id="map">Map List</button> <button id="deleteFirst">Delete First</button> <button id="deleteLast">Delete Last</button> <button id="first">First</button> <button id="last">Last</button> <button id="filter">Greater than or equal to 4</button> <button id="push">Push</button> <button id="reset">Reset</button>
</div>
`;

exports[`useList should last list value when method 1`] = `
<div>
  <p>list: 10</p> <button id="sort">Sort List</button> <button id="set">Set list</button> <button id="max">Max list</button> <button>Unique List</button> <button>Reverse List</button> <button>Flatten List</button> <button id="map">Map List</button> <button id="deleteFirst">Delete First</button> <button id="deleteLast">Delete Last</button> <button id="first">First</button> <button id="last">Last</button> <button id="filter">Greater than or equal to 4</button> <button id="push">Push</button> <button id="reset">Reset</button>
</div>
`;

exports[`useList should max list value when method 1`] = `
<div>
  <p>list: 10</p> <button id="sort">Sort List</button> <button id="set">Set list</button> <button id="max">Max list</button> <button>Unique List</button> <button>Reverse List</button> <button>Flatten List</button> <button id="map">Map List</button> <button id="deleteFirst">Delete First</button> <button id="deleteLast">Delete Last</button> <button id="first">First</button> <button id="last">Last</button> <button id="filter">Greater than or equal to 4</button> <button id="push">Push</button> <button id="reset">Reset</button>
</div>
`;

exports[`useList should push value when method 1`] = `
<div>
  <p>list: [1,2,3,4,5,6,7,8,9,10,11,12,13,14,15,16,17,18,19,20,21,22,23,24,25,26,27,28,29,30]</p> <button id="sort">Sort List</button> <button id="set">Set list</button> <button id="max">Max list</button> <button>Unique List</button> <button>Reverse List</button> <button>Flatten List</button> <button id="map">Map List</button> <button id="deleteFirst">Delete First</button> <button id="deleteLast">Delete Last</button> <button id="first">First</button> <button id="last">Last</button> <button id="filter">Greater than or equal to 4</button> <button id="push">Push</button> <button id="reset">Reset</button>
</div>
`;

exports[`useList should reset value when method 1`] = `
<div>
  <p>list: [1,2,3,4,5,6,7,8,9,10]</p> <button id="sort">Sort List</button> <button id="set">Set list</button> <button id="max">Max list</button> <button>Unique List</button> <button>Reverse List</button> <button>Flatten List</button> <button id="map">Map List</button> <button id="deleteFirst">Delete First</button> <button id="deleteLast">Delete Last</button> <button id="first">First</button> <button id="last">Last</button> <button id="filter">Greater than or equal to 4</button> <button id="push">Push</button> <button id="reset">Reset</button>
</div>
`;

exports[`useList should set list value when method 1`] = `
<div>
  <p>list: [1,2,3,4,5,6,7,8,9,10,11,12,13,14,15,16,17,18,19,20]</p> <button id="sort">Sort List</button> <button id="set">Set list</button> <button id="max">Max list</button> <button>Unique List</button> <button>Reverse List</button> <button>Flatten List</button> <button id="map">Map List</button> <button id="deleteFirst">Delete First</button> <button id="deleteLast">Delete Last</button> <button id="first">First</button> <button id="last">Last</button> <button id="filter">Greater than or equal to 4</button> <button id="push">Push</button> <button id="reset">Reset</button>
</div>
`;

exports[`useList should sort list value when method 1`] = `
<div>
  <p>list: [1,2,3,4,5,6,7,8,9,10]</p> <button id="sort">Sort List</button> <button id="set">Set list</button> <button id="max">Max list</button> <button>Unique List</button> <button>Reverse List</button> <button>Flatten List</button> <button id="map">Map List</button> <button id="deleteFirst">Delete First</button> <button id="deleteLast">Delete Last</button> <button id="first">First</button> <button id="last">Last</button> <button id="filter">Greater than or equal to 4</button> <button id="push">Push</button> <button id="reset">Reset</button>
</div>
`;

exports[`useList should sort value when method 1`] = `
<div>
  <p>list: [1,2,3,4,5,6,7,8,9,10]</p> <button id="sort">Sort List</button> <button id="set">Set list</button> <button id="max">Max list</button> <button>Unique List</button> <button>Reverse List</button> <button>Flatten List</button> <button id="map">Map List</button> <button id="deleteFirst">Delete First</button> <button id="deleteLast">Delete Last</button> <button id="first">First</button> <button id="last">Last</button> <button id="filter">Greater than or equal to 4</button> <button id="push">Push</button> <button id="reset">Reset</button>
</div>
`;
